// Jest Snapshot v1, https://goo.gl/fbAQLP

exports[`<Feedback /> Should match its snapshot 1`] = `
<h2
  aria-atomic="true"
  aria-live="assertive"
  id="feedback"
  role="status"
>
   
  <span
    className="visuallyhidden"
  >
    Guess again!
  </span>
</h2>
`;
