// Jest Snapshot v1, https://goo.gl/fbAQLP

exports[`<GuessCount /> Should match its snapshot 1`] = `
<h2
  id="guessCount"
>
  You have made 
  <span
    id="count"
  />
   
  guesses
  !
</h2>
`;
